<html lang="en">
    <body>
    <h1>13 March 2023</h1>
    <table>
    <tr>
        <th>ID</th>
        <th>Name</th>
        <th>Sell By Date</th>
        <th>Sell By Days</th>
        <th>Quality</th>
    </tr>
    <tr>
        <td>B1</td>
        <td>banana</td>
        <td>28 February 2023</td>
        <td style="text-align: right">-13</td>
        <td style="text-align: right">42</td>
    </tr>
    <tr>
        <td>K1</td>
        <td>kumquat</td>
        <td>2 March 2023</td>
        <td style="text-align: right">-11</td>
        <td style="text-align: right">101</td>
    </tr>
    <tr>
        <td>U1</td>
        <td>undated</td>
        <td></td>
        <td style="text-align: right">0</td>
        <td style="text-align: right">50</td>
    </tr>
    
    </table>
    </body>
</html>
